INFO:     Will watch for changes in these directories: ['/Users/richikghosh/Downloads/hawkapply_phase1']
INFO:     Uvicorn running on http://127.0.0.1:8000 (Press CTRL+C to quit)
INFO:     Started reloader process [1790] using WatchFiles
INFO:     Started server process [1797]
INFO:     Waiting for application startup.
2026-04-19 15:30:41 | INFO     | api.dependencies:25 — DB connection pool ready (min=2 max=10)
INFO:     Application startup complete.
2026-04-19 15:30:42 | INFO     | api.main:85 — GET /health → 200
INFO:     127.0.0.1:49409 - "GET /health HTTP/1.1" 200 OK
2026-04-19 15:30:51 | INFO     | api.main:85 — GET /pipeline/config → 200
INFO:     127.0.0.1:49422 - "GET /pipeline/config HTTP/1.1" 200 OK
2026-04-19 15:30:51 | INFO     | api.main:85 — GET /jobs → 200
INFO:     127.0.0.1:49424 - "GET /jobs?limit=50&offset=0 HTTP/1.1" 200 OK
2026-04-19 15:30:57 | INFO     | api.main:85 — GET /match/results → 200
INFO:     127.0.0.1:49428 - "GET /match/results?limit=100 HTTP/1.1" 200 OK
2026-04-19 15:31:02 | INFO     | api.main:85 — POST /match/run → 202
INFO:     127.0.0.1:49434 - "POST /match/run HTTP/1.1" 202 Accepted
2026-04-19 15:31:03 | INFO     | api.routers.match:69 — [match:62643acd] Rule-ranked 9 jobs and selected top 9 jobs for matching
2026-04-19 15:31:03 | INFO     | api.main:85 — GET /match/runs/62643acd → 200
INFO:     127.0.0.1:49434 - "GET /match/runs/62643acd HTTP/1.1" 200 OK
2026-04-19 15:31:05 | INFO     | api.main:85 — GET /match/runs/62643acd → 200
INFO:     127.0.0.1:49434 - "GET /match/runs/62643acd HTTP/1.1" 200 OK
2026-04-19 15:31:05 | INFO     | api.routers.match:151 — [match:62643acd] Matched 9 jobs
2026-04-19 15:31:07 | INFO     | api.main:85 — GET /match/runs/62643acd → 200
INFO:     127.0.0.1:49434 - "GET /match/runs/62643acd HTTP/1.1" 200 OK
2026-04-19 15:31:07 | INFO     | api.main:85 — GET /match/results → 200
INFO:     127.0.0.1:49434 - "GET /match/results?limit=100 HTTP/1.1" 200 OK
2026-04-19 15:31:07 | INFO     | api.main:85 — GET /match/results → 200
INFO:     127.0.0.1:49434 - "GET /match/results?limit=100 HTTP/1.1" 200 OK
2026-04-19 15:31:08 | INFO     | api.main:85 — GET /match/results → 200
INFO:     127.0.0.1:49434 - "GET /match/results?limit=100 HTTP/1.1" 200 OK
2026-04-19 15:31:08 | INFO     | api.main:85 — GET /match/results → 200
INFO:     127.0.0.1:49434 - "GET /match/results?limit=100 HTTP/1.1" 200 OK
2026-04-19 15:31:31 | INFO     | api.main:85 — GET /pipeline/runs → 200
INFO:     127.0.0.1:49468 - "GET /pipeline/runs HTTP/1.1" 200 OK
2026-04-19 15:31:34 | INFO     | api.main:85 — GET /pipeline/runs → 200
INFO:     127.0.0.1:49468 - "GET /pipeline/runs HTTP/1.1" 200 OK
2026-04-19 15:31:37 | INFO     | api.main:85 — GET /pipeline/runs → 200
INFO:     127.0.0.1:49468 - "GET /pipeline/runs HTTP/1.1" 200 OK
2026-04-19 15:31:40 | INFO     | api.main:85 — GET /pipeline/runs → 200
INFO:     127.0.0.1:49468 - "GET /pipeline/runs HTTP/1.1" 200 OK
2026-04-19 15:31:43 | INFO     | api.main:85 — GET /pipeline/runs → 200
INFO:     127.0.0.1:49468 - "GET /pipeline/runs HTTP/1.1" 200 OK
2026-04-19 15:31:46 | INFO     | api.main:85 — GET /pipeline/runs → 200
INFO:     127.0.0.1:49468 - "GET /pipeline/runs HTTP/1.1" 200 OK
2026-04-19 15:31:49 | INFO     | api.main:85 — GET /pipeline/runs → 200
INFO:     127.0.0.1:49468 - "GET /pipeline/runs HTTP/1.1" 200 OK
2026-04-19 15:31:52 | INFO     | api.main:85 — GET /pipeline/runs → 200
INFO:     127.0.0.1:49468 - "GET /pipeline/runs HTTP/1.1" 200 OK
2026-04-19 15:31:55 | INFO     | api.main:85 — GET /pipeline/runs → 200
INFO:     127.0.0.1:49468 - "GET /pipeline/runs HTTP/1.1" 200 OK
2026-04-19 15:31:58 | INFO     | api.main:85 — GET /pipeline/runs → 200
INFO:     127.0.0.1:49468 - "GET /pipeline/runs HTTP/1.1" 200 OK
2026-04-19 15:32:01 | INFO     | api.main:85 — GET /pipeline/runs → 200
INFO:     127.0.0.1:49468 - "GET /pipeline/runs HTTP/1.1" 200 OK
2026-04-19 15:32:04 | INFO     | api.main:85 — GET /pipeline/runs → 200
INFO:     127.0.0.1:49468 - "GET /pipeline/runs HTTP/1.1" 200 OK
2026-04-19 15:32:07 | INFO     | api.main:85 — GET /pipeline/runs → 200
INFO:     127.0.0.1:49468 - "GET /pipeline/runs HTTP/1.1" 200 OK
2026-04-19 15:32:07 | INFO     | api.main:85 — PUT /pipeline/config → 200
INFO:     127.0.0.1:49468 - "PUT /pipeline/config HTTP/1.1" 200 OK
2026-04-19 15:32:07 | INFO     | api.main:85 — GET /pipeline/config → 200
INFO:     127.0.0.1:49468 - "GET /pipeline/config HTTP/1.1" 200 OK
2026-04-19 15:32:10 | INFO     | api.main:85 — GET /pipeline/runs → 200
INFO:     127.0.0.1:49468 - "GET /pipeline/runs HTTP/1.1" 200 OK
2026-04-19 15:32:13 | INFO     | api.main:85 — GET /pipeline/runs → 200
INFO:     127.0.0.1:49468 - "GET /pipeline/runs HTTP/1.1" 200 OK
2026-04-19 15:32:15 | INFO     | api.routers.pipeline:210 — [pipeline:83c94ad5] Queued (refresh_h1b=False)
2026-04-19 15:32:15 | INFO     | api.main:85 — POST /pipeline/run → 202
INFO:     127.0.0.1:49468 - "POST /pipeline/run HTTP/1.1" 202 Accepted
2026-04-19 15:32:15 | INFO     | api.routers.pipeline:75 — [pipeline:83c94ad5] Starting scrape (refresh_h1b=False)
2026-04-19 15:32:15 | INFO     | api.main:85 — GET /pipeline/status → 200
  📡 JSearch page 1/1: 'data scientist' in New York...
INFO:     127.0.0.1:49468 - "GET /pipeline/status?run_id=83c94ad5 HTTP/1.1" 200 OK
2026-04-19 15:32:16 | INFO     | api.main:85 — GET /pipeline/runs → 200
  ⚠️  JSearch request failed: 429 Client Error: Too Many Requests for url: https://jsearch.p.rapidapi.com/search?query=data+scientist+in+New+York&page=1&num_pages=1&remote_jobs_only=false&country=us&date_posted=today
  ⏸️  Rate limited — skipping remaining JSearch queries
  ✅ JSearch: 0 jobs for 'data scientist' in New York
  📡 JSearch page 1/1: 'machine learning engineer' in New York...
  ⚠️  JSearch request failed: 429 Client Error: Too Many Requests for url: https://jsearch.p.rapidapi.com/search?query=machine+learning+engineer+in+New+York&page=1&num_pages=1&remote_jobs_only=false&country=us&date_posted=today
  ⏸️  Rate limited — skipping remaining JSearch queries
  ✅ JSearch: 0 jobs for 'machine learning engineer' in New York
  📡 JSearch page 1/1: 'marketing data scientist' in New York...
  ⚠️  JSearch request failed: 429 Client Error: Too Many Requests for url: https://jsearch.p.rapidapi.com/search?query=marketing+data+scientist+in+New+York&page=1&num_pages=1&remote_jobs_only=false&country=us&date_posted=today
  ⏸️  Rate limited — skipping remaining JSearch queries
  ✅ JSearch: 0 jobs for 'marketing data scientist' in New York
  📡 JSearch page 1/1: 'financial data scientist' in New York...
  ⚠️  JSearch request failed: 429 Client Error: Too Many Requests for url: https://jsearch.p.rapidapi.com/search?query=financial+data+scientist+in+New+York&page=1&num_pages=1&remote_jobs_only=false&country=us&date_posted=today
  ⏸️  Rate limited — skipping remaining JSearch queries
  ✅ JSearch: 0 jobs for 'financial data scientist' in New York
  📡 JSearch page 1/1: 'ad tech data scientist' in New York...
  ⚠️  JSearch request failed: 429 Client Error: Too Many Requests for url: https://jsearch.p.rapidapi.com/search?query=ad+tech+data+scientist+in+New+York&page=1&num_pages=1&remote_jobs_only=false&country=us&date_posted=today
  ⏸️  Rate limited — skipping remaining JSearch queries
  ✅ JSearch: 0 jobs for 'ad tech data scientist' in New York
  📡 JSearch page 1/1: 'ML engineer' in New York...
  ⚠️  JSearch request failed: 429 Client Error: Too Many Requests for url: https://jsearch.p.rapidapi.com/search?query=ML+engineer+in+New+York&page=1&num_pages=1&remote_jobs_only=false&country=us&date_posted=today
  ⏸️  Rate limited — skipping remaining JSearch queries
  ✅ JSearch: 0 jobs for 'ML engineer' in New York
  📡 JSearch page 1/1: 'AI engineer' in New York...
INFO:     127.0.0.1:49468 - "GET /pipeline/runs HTTP/1.1" 200 OK
2026-04-19 15:32:17 | INFO     | api.main:85 — GET /pipeline/status → 200
  ⚠️  JSearch request failed: 429 Client Error: Too Many Requests for url: https://jsearch.p.rapidapi.com/search?query=AI+engineer+in+New+York&page=1&num_pages=1&remote_jobs_only=false&country=us&date_posted=today
  ⏸️  Rate limited — skipping remaining JSearch queries
  ✅ JSearch: 0 jobs for 'AI engineer' in New York
  📡 JSearch page 1/1: 'data scientist marketing' in New York...
  ⚠️  JSearch request failed: 429 Client Error: Too Many Requests for url: https://jsearch.p.rapidapi.com/search?query=data+scientist+marketing+in+New+York&page=1&num_pages=1&remote_jobs_only=false&country=us&date_posted=today
  ⏸️  Rate limited — skipping remaining JSearch queries
  ✅ JSearch: 0 jobs for 'data scientist marketing' in New York
  📡 JSearch page 1/1: 'data scientist' in San Francisco...
  ⚠️  JSearch request failed: 429 Client Error: Too Many Requests for url: https://jsearch.p.rapidapi.com/search?query=data+scientist+in+San+Francisco&page=1&num_pages=1&remote_jobs_only=false&country=us&date_posted=today
  ⏸️  Rate limited — skipping remaining JSearch queries
  ✅ JSearch: 0 jobs for 'data scientist' in San Francisco
  📡 JSearch page 1/1: 'machine learning engineer' in San Francisco...
  ⚠️  JSearch request failed: 429 Client Error: Too Many Requests for url: https://jsearch.p.rapidapi.com/search?query=machine+learning+engineer+in+San+Francisco&page=1&num_pages=1&remote_jobs_only=false&country=us&date_posted=today
  ⏸️  Rate limited — skipping remaining JSearch queries
  ✅ JSearch: 0 jobs for 'machine learning engineer' in San Francisco
  📡 JSearch page 1/1: 'marketing data scientist' in San Francisco...
  ⚠️  JSearch request failed: 429 Client Error: Too Many Requests for url: https://jsearch.p.rapidapi.com/search?query=marketing+data+scientist+in+San+Francisco&page=1&num_pages=1&remote_jobs_only=false&country=us&date_posted=today
  ⏸️  Rate limited — skipping remaining JSearch queries
  ✅ JSearch: 0 jobs for 'marketing data scientist' in San Francisco
  📡 JSearch page 1/1: 'financial data scientist' in San Francisco...
  ⚠️  JSearch request failed: 429 Client Error: Too Many Requests for url: https://jsearch.p.rapidapi.com/search?query=financial+data+scientist+in+San+Francisco&page=1&num_pages=1&remote_jobs_only=false&country=us&date_posted=today
  ⏸️  Rate limited — skipping remaining JSearch queries
  ✅ JSearch: 0 jobs for 'financial data scientist' in San Francisco
  📡 JSearch page 1/1: 'ad tech data scientist' in San Francisco...
  ⚠️  JSearch request failed: 429 Client Error: Too Many Requests for url: https://jsearch.p.rapidapi.com/search?query=ad+tech+data+scientist+in+San+Francisco&page=1&num_pages=1&remote_jobs_only=false&country=us&date_posted=today
  ⏸️  Rate limited — skipping remaining JSearch queries
  ✅ JSearch: 0 jobs for 'ad tech data scientist' in San Francisco
  📡 JSearch page 1/1: 'ML engineer' in San Francisco...
  ⚠️  JSearch request failed: 429 Client Error: Too Many Requests for url: https://jsearch.p.rapidapi.com/search?query=ML+engineer+in+San+Francisco&page=1&num_pages=1&remote_jobs_only=false&country=us&date_posted=today
  ⏸️  Rate limited — skipping remaining JSearch queries
  ✅ JSearch: 0 jobs for 'ML engineer' in San Francisco
  📡 JSearch page 1/1: 'AI engineer' in San Francisco...
  ⚠️  JSearch request failed: 429 Client Error: Too Many Requests for url: https://jsearch.p.rapidapi.com/search?query=AI+engineer+in+San+Francisco&page=1&num_pages=1&remote_jobs_only=false&country=us&date_posted=today
  ⏸️  Rate limited — skipping remaining JSearch queries
  ✅ JSearch: 0 jobs for 'AI engineer' in San Francisco
  📡 JSearch page 1/1: 'data scientist marketing' in San Francisco...
INFO:     127.0.0.1:49468 - "GET /pipeline/status?run_id=83c94ad5 HTTP/1.1" 200 OK
2026-04-19 15:32:19 | INFO     | api.main:85 — GET /pipeline/runs → 200
  ⚠️  JSearch request failed: 429 Client Error: Too Many Requests for url: https://jsearch.p.rapidapi.com/search?query=data+scientist+marketing+in+San+Francisco&page=1&num_pages=1&remote_jobs_only=false&country=us&date_posted=today
  ⏸️  Rate limited — skipping remaining JSearch queries
  ✅ JSearch: 0 jobs for 'data scientist marketing' in San Francisco
  📡 JSearch page 1/1: 'data scientist' in Seattle...
  ⚠️  JSearch request failed: 429 Client Error: Too Many Requests for url: https://jsearch.p.rapidapi.com/search?query=data+scientist+in+Seattle&page=1&num_pages=1&remote_jobs_only=false&country=us&date_posted=today
  ⏸️  Rate limited — skipping remaining JSearch queries
  ✅ JSearch: 0 jobs for 'data scientist' in Seattle
  📡 JSearch page 1/1: 'machine learning engineer' in Seattle...
  ⚠️  JSearch request failed: 429 Client Error: Too Many Requests for url: https://jsearch.p.rapidapi.com/search?query=machine+learning+engineer+in+Seattle&page=1&num_pages=1&remote_jobs_only=false&country=us&date_posted=today
  ⏸️  Rate limited — skipping remaining JSearch queries
  ✅ JSearch: 0 jobs for 'machine learning engineer' in Seattle
  📡 JSearch page 1/1: 'marketing data scientist' in Seattle...
  ⚠️  JSearch request failed: 429 Client Error: Too Many Requests for url: https://jsearch.p.rapidapi.com/search?query=marketing+data+scientist+in+Seattle&page=1&num_pages=1&remote_jobs_only=false&country=us&date_posted=today
  ⏸️  Rate limited — skipping remaining JSearch queries
  ✅ JSearch: 0 jobs for 'marketing data scientist' in Seattle
  📡 JSearch page 1/1: 'financial data scientist' in Seattle...
  ⚠️  JSearch request failed: 429 Client Error: Too Many Requests for url: https://jsearch.p.rapidapi.com/search?query=financial+data+scientist+in+Seattle&page=1&num_pages=1&remote_jobs_only=false&country=us&date_posted=today
  ⏸️  Rate limited — skipping remaining JSearch queries
  ✅ JSearch: 0 jobs for 'financial data scientist' in Seattle
  📡 JSearch page 1/1: 'ad tech data scientist' in Seattle...
  ⚠️  JSearch request failed: 429 Client Error: Too Many Requests for url: https://jsearch.p.rapidapi.com/search?query=ad+tech+data+scientist+in+Seattle&page=1&num_pages=1&remote_jobs_only=false&country=us&date_posted=today
  ⏸️  Rate limited — skipping remaining JSearch queries
  ✅ JSearch: 0 jobs for 'ad tech data scientist' in Seattle
  📡 JSearch page 1/1: 'ML engineer' in Seattle...
  ⚠️  JSearch request failed: 429 Client Error: Too Many Requests for url: https://jsearch.p.rapidapi.com/search?query=ML+engineer+in+Seattle&page=1&num_pages=1&remote_jobs_only=false&country=us&date_posted=today
  ⏸️  Rate limited — skipping remaining JSearch queries
  ✅ JSearch: 0 jobs for 'ML engineer' in Seattle
  📡 JSearch page 1/1: 'AI engineer' in Seattle...
  ⚠️  JSearch request failed: 429 Client Error: Too Many Requests for url: https://jsearch.p.rapidapi.com/search?query=AI+engineer+in+Seattle&page=1&num_pages=1&remote_jobs_only=false&country=us&date_posted=today
  ⏸️  Rate limited — skipping remaining JSearch queries
  ✅ JSearch: 0 jobs for 'AI engineer' in Seattle
  📡 JSearch page 1/1: 'data scientist marketing' in Seattle...
  ⚠️  JSearch request failed: 429 Client Error: Too Many Requests for url: https://jsearch.p.rapidapi.com/search?query=data+scientist+marketing+in+Seattle&page=1&num_pages=1&remote_jobs_only=false&country=us&date_posted=today
  ⏸️  Rate limited — skipping remaining JSearch queries
  ✅ JSearch: 0 jobs for 'data scientist marketing' in Seattle
  ⏭️  Skipping Adzuna (set ADZUNA_APP_ID & ADZUNA_APP_KEY in .env)

  🔗 LinkedIn public feeds...
  📡 LinkedIn RSS: 'data scientist'...
  ✅ LinkedIn: 10 jobs for 'data scientist' in US
INFO:     127.0.0.1:49468 - "GET /pipeline/runs HTTP/1.1" 200 OK
2026-04-19 15:32:19 | INFO     | api.main:85 — GET /pipeline/status → 200
INFO:     127.0.0.1:49468 - "GET /pipeline/status?run_id=83c94ad5 HTTP/1.1" 200 OK
2026-04-19 15:32:21 | INFO     | api.main:85 — GET /pipeline/status → 200
  📡 LinkedIn RSS: 'machine learning engineer'...
INFO:     127.0.0.1:49468 - "GET /pipeline/status?run_id=83c94ad5 HTTP/1.1" 200 OK
2026-04-19 15:32:22 | INFO     | api.main:85 — GET /pipeline/runs → 200
  ✅ LinkedIn: 10 jobs for 'machine learning engineer' in US
INFO:     127.0.0.1:49468 - "GET /pipeline/runs HTTP/1.1" 200 OK
2026-04-19 15:32:23 | INFO     | api.main:85 — GET /pipeline/status → 200
INFO:     127.0.0.1:49468 - "GET /pipeline/status?run_id=83c94ad5 HTTP/1.1" 200 OK
2026-04-19 15:32:25 | INFO     | api.main:85 — GET /pipeline/runs → 200
  📡 LinkedIn RSS: 'marketing data scientist'...
  ✅ LinkedIn: 9 jobs for 'marketing data scientist' in US
INFO:     127.0.0.1:49468 - "GET /pipeline/runs HTTP/1.1" 200 OK
2026-04-19 15:32:25 | INFO     | api.main:85 — GET /pipeline/status → 200
INFO:     127.0.0.1:49468 - "GET /pipeline/status?run_id=83c94ad5 HTTP/1.1" 200 OK
2026-04-19 15:32:27 | INFO     | api.main:85 — GET /pipeline/status → 200
  📡 LinkedIn RSS: 'financial data scientist'...
  ✅ LinkedIn: 10 jobs for 'financial data scientist' in US
INFO:     127.0.0.1:49468 - "GET /pipeline/status?run_id=83c94ad5 HTTP/1.1" 200 OK
2026-04-19 15:32:28 | INFO     | api.main:85 — GET /pipeline/runs → 200
INFO:     127.0.0.1:49468 - "GET /pipeline/runs HTTP/1.1" 200 OK
2026-04-19 15:32:29 | INFO     | api.main:85 — GET /pipeline/status → 200
  📡 LinkedIn RSS: 'ad tech data scientist'...
  ✅ LinkedIn: 9 jobs for 'ad tech data scientist' in US
INFO:     127.0.0.1:49468 - "GET /pipeline/status?run_id=83c94ad5 HTTP/1.1" 200 OK
2026-04-19 15:32:31 | INFO     | api.main:85 — GET /pipeline/runs → 200
  📡 LinkedIn RSS: 'ML engineer'...
INFO:     127.0.0.1:49468 - "GET /pipeline/runs HTTP/1.1" 200 OK
2026-04-19 15:32:31 | INFO     | api.main:85 — GET /pipeline/status → 200
INFO:     127.0.0.1:49468 - "GET /pipeline/status?run_id=83c94ad5 HTTP/1.1" 200 OK
2026-04-19 15:32:33 | INFO     | api.main:85 — GET /pipeline/status → 200
  ✅ LinkedIn: 10 jobs for 'ML engineer' in US
INFO:     127.0.0.1:49468 - "GET /pipeline/status?run_id=83c94ad5 HTTP/1.1" 200 OK
2026-04-19 15:32:34 | INFO     | api.main:85 — GET /pipeline/runs → 200
  📡 LinkedIn RSS: 'AI engineer'...
  ✅ LinkedIn: 10 jobs for 'AI engineer' in US
INFO:     127.0.0.1:49468 - "GET /pipeline/runs HTTP/1.1" 200 OK
2026-04-19 15:32:35 | INFO     | api.main:85 — GET /pipeline/status → 200
INFO:     127.0.0.1:49468 - "GET /pipeline/status?run_id=83c94ad5 HTTP/1.1" 200 OK
2026-04-19 15:32:37 | INFO     | api.main:85 — GET /pipeline/runs → 200
  📡 LinkedIn RSS: 'data scientist'...
  ✅ LinkedIn: 10 jobs for 'data scientist' in New York
INFO:     127.0.0.1:49468 - "GET /pipeline/runs HTTP/1.1" 200 OK
2026-04-19 15:32:37 | INFO     | api.main:85 — GET /pipeline/status → 200
INFO:     127.0.0.1:49468 - "GET /pipeline/status?run_id=83c94ad5 HTTP/1.1" 200 OK
2026-04-19 15:32:39 | INFO     | api.main:85 — GET /pipeline/status → 200
  📡 LinkedIn RSS: 'machine learning engineer'...
  ✅ LinkedIn: 10 jobs for 'machine learning engineer' in New York
INFO:     127.0.0.1:49468 - "GET /pipeline/status?run_id=83c94ad5 HTTP/1.1" 200 OK
2026-04-19 15:32:40 | INFO     | api.main:85 — GET /pipeline/runs → 200
INFO:     127.0.0.1:49468 - "GET /pipeline/runs HTTP/1.1" 200 OK
2026-04-19 15:32:41 | INFO     | api.main:85 — GET /pipeline/status → 200
  📡 LinkedIn RSS: 'marketing data scientist'...
INFO:     127.0.0.1:49468 - "GET /pipeline/status?run_id=83c94ad5 HTTP/1.1" 200 OK
2026-04-19 15:32:42 | INFO     | api.main:85 — GET /match/results → 200
  ✅ LinkedIn: 10 jobs for 'marketing data scientist' in New York
INFO:     127.0.0.1:49468 - "GET /match/results?limit=100 HTTP/1.1" 200 OK
2026-04-19 15:32:44 | INFO     | api.main:85 — GET /jobs → 200
INFO:     127.0.0.1:49468 - "GET /jobs?limit=50&offset=0 HTTP/1.1" 200 OK
2026-04-19 15:33:03 | INFO     | api.main:85 — GET /pipeline/status → 200
  📡 LinkedIn RSS: 'financial data scientist'...
  ✅ LinkedIn: 10 jobs for 'financial data scientist' in New York
  📡 LinkedIn RSS: 'ad tech data scientist'...
  ✅ LinkedIn: 5 jobs for 'ad tech data scientist' in New York
  📡 LinkedIn RSS: 'ML engineer'...
  ✅ LinkedIn: 10 jobs for 'ML engineer' in New York
  📡 LinkedIn RSS: 'AI engineer'...
  ✅ LinkedIn: 10 jobs for 'AI engineer' in New York
  📡 LinkedIn RSS: 'data scientist'...
  ✅ LinkedIn: 10 jobs for 'data scientist' in SF Bay Area
  📡 LinkedIn RSS: 'machine learning engineer'...
  ✅ LinkedIn: 10 jobs for 'machine learning engineer' in SF Bay Area
  📡 LinkedIn RSS: 'marketing data scientist'...
  ✅ LinkedIn: 10 jobs for 'marketing data scientist' in SF Bay Area
  📡 LinkedIn RSS: 'financial data scientist'...
  ✅ LinkedIn: 10 jobs for 'financial data scientist' in SF Bay Area
INFO:     127.0.0.1:49516 - "GET /pipeline/status?run_id=83c94ad5 HTTP/1.1" 200 OK
2026-04-19 15:33:04 | INFO     | api.main:85 — GET /pipeline/runs → 200
  📡 LinkedIn RSS: 'ad tech data scientist'...
INFO:     127.0.0.1:49516 - "GET /pipeline/runs HTTP/1.1" 200 OK
2026-04-19 15:33:05 | INFO     | api.main:85 — GET /pipeline/status → 200
  ✅ LinkedIn: 5 jobs for 'ad tech data scientist' in SF Bay Area
INFO:     127.0.0.1:49516 - "GET /pipeline/status?run_id=83c94ad5 HTTP/1.1" 200 OK
2026-04-19 15:33:07 | INFO     | api.main:85 — GET /pipeline/runs → 200
  📡 LinkedIn RSS: 'ML engineer'...
  ✅ LinkedIn: 10 jobs for 'ML engineer' in SF Bay Area
INFO:     127.0.0.1:49516 - "GET /pipeline/runs HTTP/1.1" 200 OK
2026-04-19 15:33:07 | INFO     | api.main:85 — GET /pipeline/status → 200
INFO:     127.0.0.1:49516 - "GET /pipeline/status?run_id=83c94ad5 HTTP/1.1" 200 OK
  📡 LinkedIn RSS: 'AI engineer'...
  ✅ LinkedIn: 10 jobs for 'AI engineer' in SF Bay Area
  📡 LinkedIn RSS: 'data scientist'...
  ✅ LinkedIn: 0 jobs for 'data scientist' in Seattle
  📡 LinkedIn RSS: 'machine learning engineer'...
  ✅ LinkedIn: 0 jobs for 'machine learning engineer' in Seattle
  📡 LinkedIn RSS: 'marketing data scientist'...
  ✅ LinkedIn: 0 jobs for 'marketing data scientist' in Seattle
  📡 LinkedIn RSS: 'financial data scientist'...
  ✅ LinkedIn: 0 jobs for 'financial data scientist' in Seattle
  📡 LinkedIn RSS: 'ad tech data scientist'...
  ✅ LinkedIn: 0 jobs for 'ad tech data scientist' in Seattle
  📡 LinkedIn RSS: 'ML engineer'...
  ✅ LinkedIn: 0 jobs for 'ML engineer' in Seattle
  📡 LinkedIn RSS: 'AI engineer'...
  ✅ LinkedIn: 0 jobs for 'AI engineer' in Seattle
  📡 LinkedIn RSS: 'data scientist'...
  ✅ LinkedIn: 2 jobs for 'data scientist' in Boston
  📡 LinkedIn RSS: 'machine learning engineer'...
  ✅ LinkedIn: 0 jobs for 'machine learning engineer' in Boston
  📡 LinkedIn RSS: 'marketing data scientist'...
  ✅ LinkedIn: 3 jobs for 'marketing data scientist' in Boston
  📡 LinkedIn RSS: 'financial data scientist'...
  ✅ LinkedIn: 3 jobs for 'financial data scientist' in Boston
  📡 LinkedIn RSS: 'ad tech data scientist'...
  ✅ LinkedIn: 6 jobs for 'ad tech data scientist' in Boston
  📡 LinkedIn RSS: 'ML engineer'...
  ✅ LinkedIn: 1 jobs for 'ML engineer' in Boston
  📡 LinkedIn RSS: 'AI engineer'...
  ✅ LinkedIn: 4 jobs for 'AI engineer' in Boston
  📡 LinkedIn RSS: 'data scientist'...
  ✅ LinkedIn: 10 jobs for 'data scientist' in Washington DC
  📡 LinkedIn RSS: 'machine learning engineer'...
  ✅ LinkedIn: 9 jobs for 'machine learning engineer' in Washington DC
  📡 LinkedIn RSS: 'marketing data scientist'...
  ✅ LinkedIn: 10 jobs for 'marketing data scientist' in Washington DC
  📡 LinkedIn RSS: 'financial data scientist'...
  ✅ LinkedIn: 10 jobs for 'financial data scientist' in Washington DC
  📡 LinkedIn RSS: 'ad tech data scientist'...
  ✅ LinkedIn: 1 jobs for 'ad tech data scientist' in Washington DC
  📡 LinkedIn RSS: 'ML engineer'...
  ✅ LinkedIn: 10 jobs for 'ML engineer' in Washington DC
  📡 LinkedIn RSS: 'AI engineer'...
  ✅ LinkedIn: 10 jobs for 'AI engineer' in Washington DC
  📡 LinkedIn RSS: 'data scientist'...
  ✅ LinkedIn: 0 jobs for 'data scientist' in Philadelphia
  📡 LinkedIn RSS: 'machine learning engineer'...
  ✅ LinkedIn: 0 jobs for 'machine learning engineer' in Philadelphia
  📡 LinkedIn RSS: 'marketing data scientist'...
  ✅ LinkedIn: 0 jobs for 'marketing data scientist' in Philadelphia
  📡 LinkedIn RSS: 'financial data scientist'...
  ✅ LinkedIn: 0 jobs for 'financial data scientist' in Philadelphia
  📡 LinkedIn RSS: 'ad tech data scientist'...
  ✅ LinkedIn: 0 jobs for 'ad tech data scientist' in Philadelphia
  📡 LinkedIn RSS: 'ML engineer'...
  ✅ LinkedIn: 0 jobs for 'ML engineer' in Philadelphia
  📡 LinkedIn RSS: 'AI engineer'...
  ✅ LinkedIn: 0 jobs for 'AI engineer' in Philadelphia
  📡 LinkedIn RSS: 'data scientist'...
  ✅ LinkedIn: 10 jobs for 'data scientist' in Atlanta
  📡 LinkedIn RSS: 'machine learning engineer'...
  ✅ LinkedIn: 10 jobs for 'machine learning engineer' in Atlanta
  📡 LinkedIn RSS: 'marketing data scientist'...
  ✅ LinkedIn: 4 jobs for 'marketing data scientist' in Atlanta
  📡 LinkedIn RSS: 'financial data scientist'...
  ✅ LinkedIn: 9 jobs for 'financial data scientist' in Atlanta
  📡 LinkedIn RSS: 'ad tech data scientist'...
  ✅ LinkedIn: 0 jobs for 'ad tech data scientist' in Atlanta
  📡 LinkedIn RSS: 'ML engineer'...
  ✅ LinkedIn: 2 jobs for 'ML engineer' in Atlanta
  📡 LinkedIn RSS: 'AI engineer'...
  ✅ LinkedIn: 10 jobs for 'AI engineer' in Atlanta
  📡 LinkedIn RSS: 'data scientist'...
  ✅ LinkedIn: 10 jobs for 'data scientist' in Chicago
  📡 LinkedIn RSS: 'machine learning engineer'...
  ✅ LinkedIn: 10 jobs for 'machine learning engineer' in Chicago
  📡 LinkedIn RSS: 'marketing data scientist'...
  ✅ LinkedIn: 10 jobs for 'marketing data scientist' in Chicago
  📡 LinkedIn RSS: 'financial data scientist'...
  ✅ LinkedIn: 10 jobs for 'financial data scientist' in Chicago
  📡 LinkedIn RSS: 'ad tech data scientist'...
  ✅ LinkedIn: 5 jobs for 'ad tech data scientist' in Chicago
  📡 LinkedIn RSS: 'ML engineer'...
  ✅ LinkedIn: 10 jobs for 'ML engineer' in Chicago
  📡 LinkedIn RSS: 'AI engineer'...
  ✅ LinkedIn: 10 jobs for 'AI engineer' in Chicago
  📡 LinkedIn RSS: 'data scientist'...
  ✅ LinkedIn: 10 jobs for 'data scientist' in Dallas
  📡 LinkedIn RSS: 'machine learning engineer'...
  ✅ LinkedIn: 10 jobs for 'machine learning engineer' in Dallas
  📡 LinkedIn RSS: 'marketing data scientist'...
  ✅ LinkedIn: 10 jobs for 'marketing data scientist' in Dallas
  📡 LinkedIn RSS: 'financial data scientist'...
  ✅ LinkedIn: 10 jobs for 'financial data scientist' in Dallas
  📡 LinkedIn RSS: 'ad tech data scientist'...
  ✅ LinkedIn: 1 jobs for 'ad tech data scientist' in Dallas
  📡 LinkedIn RSS: 'ML engineer'...
  ✅ LinkedIn: 5 jobs for 'ML engineer' in Dallas
  📡 LinkedIn RSS: 'AI engineer'...
  ✅ LinkedIn: 10 jobs for 'AI engineer' in Dallas
  📡 LinkedIn RSS: 'data scientist'...
  ✅ LinkedIn: 0 jobs for 'data scientist' in Los Angeles
  📡 LinkedIn RSS: 'machine learning engineer'...
  ✅ LinkedIn: 0 jobs for 'machine learning engineer' in Los Angeles
  📡 LinkedIn RSS: 'marketing data scientist'...
  ✅ LinkedIn: 0 jobs for 'marketing data scientist' in Los Angeles
  📡 LinkedIn RSS: 'financial data scientist'...
  ✅ LinkedIn: 0 jobs for 'financial data scientist' in Los Angeles
  📡 LinkedIn RSS: 'ad tech data scientist'...
  ✅ LinkedIn: 0 jobs for 'ad tech data scientist' in Los Angeles
  📡 LinkedIn RSS: 'ML engineer'...
  ✅ LinkedIn: 0 jobs for 'ML engineer' in Los Angeles
  📡 LinkedIn RSS: 'AI engineer'...
  ✅ LinkedIn: 0 jobs for 'AI engineer' in Los Angeles
  📡 LinkedIn RSS: 'data scientist'...
  ✅ LinkedIn: 0 jobs for 'data scientist' in Denver
  📡 LinkedIn RSS: 'machine learning engineer'...
  ✅ LinkedIn: 0 jobs for 'machine learning engineer' in Denver
  📡 LinkedIn RSS: 'marketing data scientist'...
  ✅ LinkedIn: 0 jobs for 'marketing data scientist' in Denver
  📡 LinkedIn RSS: 'financial data scientist'...
  ✅ LinkedIn: 0 jobs for 'financial data scientist' in Denver
  📡 LinkedIn RSS: 'ad tech data scientist'...
  ✅ LinkedIn: 0 jobs for 'ad tech data scientist' in Denver
  📡 LinkedIn RSS: 'ML engineer'...
  ✅ LinkedIn: 0 jobs for 'ML engineer' in Denver
  📡 LinkedIn RSS: 'AI engineer'...
  ✅ LinkedIn: 0 jobs for 'AI engineer' in Denver

  🌐 Remote job boards...
  📡 RemoteOK: data science remote jobs...
  ✅ RemoteOK: 0 remote DS jobs

  🏢 H1B sponsor career pages...
  🏢 Scraping 227 company career pages...

    Greenhouse (105 companies)...
      ✅ Airbnb: 16 DS roles
      ✅ Stripe: 11 DS roles
      ✅ Coinbase: 4 DS roles
      ✅ Robinhood: 11 DS roles
      ✅ Figma: 4 DS roles
      ✅ Discord: 6 DS roles
      ✅ Duolingo: 2 DS roles
      ✅ Datadog: 7 DS roles
      ✅ Twilio: 7 DS roles
      ✅ Affirm: 1 DS roles
      ✅ Brex: 6 DS roles
      ✅ Scale AI: 26 DS roles
      ✅ Databricks: 17 DS roles
      ✅ Pinterest: 28 DS roles
      ✅ Roku: 15 DS roles
      ✅ MongoDB: 5 DS roles
      ✅ Elastic: 3 DS roles
      ✅ Jane Street: 12 DS roles
      ✅ Point72: 50 DS roles
      ✅ AQR Capital: 4 DS roles
      ✅ Waymo: 59 DS roles
      ✅ Okta: 6 DS roles
      ✅ Lyft: 22 DS roles
      ✅ Asana: 6 DS roles
      ✅ Carta: 1 DS roles
      ✅ Gusto: 5 DS roles
      ✅ Airtable: 3 DS roles
      ✅ Samsara: 12 DS roles
      ✅ PagerDuty: 3 DS roles
      ✅ New Relic: 2 DS roles
      ✅ Braze: 4 DS roles
      ✅ Intercom: 2 DS roles
      ✅ Calendly: 1 DS roles
      ✅ Adyen: 2 DS roles
      ✅ 10x Genomics: 1 DS roles
      ✅ Recursion: 1 DS roles
      ✅ Opendoor: 7 DS roles
2026-04-19 15:38:03 | INFO     | api.main:85 — GET /pipeline/runs → 200
      ✅ Fivetran: 3 DS roles
      ✅ Epic Games: 4 DS roles
      ✅ Riot Games: 10 DS roles
      ✅ Roblox: 45 DS roles
    Lever (30 companies)...
      ✅ Spotify: 23 DS roles
INFO:     127.0.0.1:49773 - "GET /pipeline/runs HTTP/1.1" 200 OK
2026-04-19 15:38:03 | INFO     | api.main:85 — GET /pipeline/status → 200
INFO:     127.0.0.1:49774 - "GET /pipeline/status?run_id=83c94ad5 HTTP/1.1" 200 OK
2026-04-19 15:38:03 | INFO     | api.main:85 — GET /pipeline/config → 200
INFO:     127.0.0.1:49770 - "GET /pipeline/config HTTP/1.1" 200 OK
2026-04-19 15:38:05 | INFO     | api.main:85 — GET /pipeline/status → 200
INFO:     127.0.0.1:49770 - "GET /pipeline/status?run_id=83c94ad5 HTTP/1.1" 200 OK
2026-04-19 15:38:05.242 | INFO     | api.main:log_requests:85 - GET /pipeline/status → 200
